Java HotSpot(TM) 64-Bit Server VM (25.131-b11) for windows-amd64 JRE (1.8.0_131-b11), built on Mar 15 2017 01:23:53 by "java_re" with MS VC++ 10.0 (VS2010)
Memory: 4k page, physical 67021716k(60615216k free), swap 71216020k(62113632k free)
CommandLine flags: -XX:-BytecodeVerificationLocal -XX:-BytecodeVerificationRemote -XX:InitialHeapSize=52428800 -XX:+ManagementServer -XX:MaxHeapSize=52428800 -XX:+PrintGC -XX:+PrintGCDateStamps -XX:+PrintGCDetails -XX:+PrintGCTimeStamps -XX:TieredStopAtLevel=1 -XX:+UseCompressedClassPointers -XX:+UseCompressedOops -XX:-UseLargePagesIndividualAllocation -XX:+UseParallelGC 
2020-02-27T09:30:51.225+0800: 0.447: [GC (Allocation Failure) [PSYoungGen: 12800K->2024K(14848K)] 12800K->2331K(49152K), 0.0019391 secs] [Times: user=0.00 sys=0.00, real=0.00 secs] 
2020-02-27T09:30:51.590+0800: 0.812: [GC (Allocation Failure) [PSYoungGen: 14824K->2040K(14848K)] 15131K->3976K(49152K), 0.0255459 secs] [Times: user=0.01 sys=0.00, real=0.03 secs] 
2020-02-27T09:30:51.984+0800: 1.206: [GC (Allocation Failure) [PSYoungGen: 14840K->2040K(14848K)] 16776K->5476K(49152K), 0.0111123 secs] [Times: user=0.00 sys=0.00, real=0.01 secs] 
2020-02-27T09:30:52.198+0800: 1.420: [GC (Allocation Failure) [PSYoungGen: 14840K->2040K(14848K)] 18276K->6827K(49152K), 0.0059784 secs] [Times: user=0.00 sys=0.00, real=0.01 secs] 
2020-02-27T09:30:52.276+0800: 1.498: [GC (Allocation Failure) [PSYoungGen: 14840K->2040K(14848K)] 19627K->8075K(49152K), 0.0034331 secs] [Times: user=0.00 sys=0.00, real=0.00 secs] 
2020-02-27T09:30:52.338+0800: 1.559: [GC (Allocation Failure) [PSYoungGen: 14840K->2040K(10752K)] 20875K->9631K(45056K), 0.0029369 secs] [Times: user=0.00 sys=0.00, real=0.00 secs] 
2020-02-27T09:30:52.395+0800: 1.617: [GC (Allocation Failure) [PSYoungGen: 10744K->2113K(11264K)] 18335K->10759K(45568K), 0.0017103 secs] [Times: user=0.06 sys=0.05, real=0.00 secs] 
2020-02-27T09:30:52.443+0800: 1.665: [GC (Allocation Failure) [PSYoungGen: 10817K->2121K(12288K)] 19463K->11404K(46592K), 0.0016962 secs] [Times: user=0.00 sys=0.00, real=0.00 secs] 
2020-02-27T09:30:52.478+0800: 1.700: [GC (Allocation Failure) [PSYoungGen: 9801K->1943K(12288K)] 19084K->11626K(46592K), 0.0015514 secs] [Times: user=0.00 sys=0.00, real=0.00 secs] 
2020-02-27T09:30:52.559+0800: 1.781: [GC (Metadata GC Threshold) [PSYoungGen: 8483K->1152K(12288K)] 18166K->11445K(46592K), 0.0014741 secs] [Times: user=0.00 sys=0.00, real=0.00 secs] 
2020-02-27T09:30:52.561+0800: 1.783: [Full GC (Metadata GC Threshold) [PSYoungGen: 1152K->0K(12288K)] [ParOldGen: 10292K->5799K(34304K)] 11445K->5799K(46592K), [Metaspace: 20694K->20692K(1067008K)], 0.0211315 secs] [Times: user=0.02 sys=0.00, real=0.02 secs] 
2020-02-27T09:30:52.626+0800: 1.847: [GC (Allocation Failure) [PSYoungGen: 7680K->1327K(12288K)] 13479K->7134K(46592K), 0.0011562 secs] [Times: user=0.00 sys=0.00, real=0.00 secs] 
2020-02-27T09:30:52.686+0800: 1.908: [GC (Allocation Failure) [PSYoungGen: 9007K->1190K(12288K)] 14814K->7811K(46592K), 0.0010058 secs] [Times: user=0.00 sys=0.00, real=0.00 secs] 
2020-02-27T09:30:52.736+0800: 1.958: [GC (Allocation Failure) [PSYoungGen: 8870K->1019K(8704K)] 15491K->8208K(43008K), 0.0009116 secs] [Times: user=0.00 sys=0.00, real=0.00 secs] 
2020-02-27T09:30:52.773+0800: 1.995: [GC (Allocation Failure) [PSYoungGen: 8699K->1009K(12288K)] 15888K->8651K(46592K), 0.0010057 secs] [Times: user=0.00 sys=0.00, real=0.00 secs] 
2020-02-27T09:30:52.814+0800: 2.036: [GC (Allocation Failure) [PSYoungGen: 8177K->1165K(11776K)] 15819K->9296K(46080K), 0.0009952 secs] [Times: user=0.00 sys=0.00, real=0.00 secs] 
2020-02-27T09:30:52.855+0800: 2.077: [GC (Allocation Failure) [PSYoungGen: 8333K->1042K(12288K)] 16464K->9461K(46592K), 0.0010326 secs] [Times: user=0.00 sys=0.00, real=0.00 secs] 
2020-02-27T09:30:52.895+0800: 2.117: [GC (Allocation Failure) [PSYoungGen: 8722K->822K(12288K)] 17141K->9601K(46592K), 0.0009254 secs] [Times: user=0.16 sys=0.00, real=0.00 secs] 
2020-02-27T09:30:52.937+0800: 2.159: [GC (Allocation Failure) [PSYoungGen: 8502K->1015K(12288K)] 17281K->10130K(46592K), 0.0015070 secs] [Times: user=0.00 sys=0.00, real=0.00 secs] 
2020-02-27T09:30:52.988+0800: 2.209: [GC (Allocation Failure) [PSYoungGen: 8695K->1062K(12288K)] 17810K->10665K(46592K), 0.0017014 secs] [Times: user=0.00 sys=0.00, real=0.00 secs] 
2020-02-27T09:30:53.031+0800: 2.252: [GC (Allocation Failure) [PSYoungGen: 8742K->1171K(12800K)] 18345K->11278K(47104K), 0.0012952 secs] [Times: user=0.00 sys=0.00, real=0.00 secs] 
2020-02-27T09:30:53.084+0800: 2.306: [GC (Allocation Failure) [PSYoungGen: 9363K->4083K(12288K)] 19470K->14840K(46592K), 0.0016716 secs] [Times: user=0.00 sys=0.00, real=0.00 secs] 
2020-02-27T09:30:53.135+0800: 2.356: [GC (Allocation Failure) [PSYoungGen: 12275K->1556K(11264K)] 23032K->16134K(45568K), 0.0016490 secs] [Times: user=0.00 sys=0.00, real=0.00 secs] 
2020-02-27T09:30:53.175+0800: 2.397: [GC (Allocation Failure) [PSYoungGen: 8212K->584K(11776K)] 22790K->15814K(46080K), 0.0011451 secs] [Times: user=0.00 sys=0.00, real=0.00 secs] 
2020-02-27T09:30:53.217+0800: 2.439: [GC (Allocation Failure) [PSYoungGen: 7240K->985K(12288K)] 22470K->16410K(46592K), 0.0012827 secs] [Times: user=0.00 sys=0.00, real=0.00 secs] 
2020-02-27T09:30:53.252+0800: 2.474: [GC (Allocation Failure) [PSYoungGen: 8153K->896K(11776K)] 23578K->16664K(46080K), 0.0011987 secs] [Times: user=0.00 sys=0.00, real=0.00 secs] 
2020-02-27T09:30:53.281+0800: 2.503: [GC (Allocation Failure) [PSYoungGen: 8064K->876K(12288K)] 23832K->17172K(46592K), 0.0016443 secs] [Times: user=0.00 sys=0.00, real=0.00 secs] 
2020-02-27T09:30:53.318+0800: 2.540: [GC (Allocation Failure) [PSYoungGen: 8556K->1330K(12288K)] 24852K->18011K(46592K), 0.0012512 secs] [Times: user=0.00 sys=0.00, real=0.00 secs] 
2020-02-27T09:30:53.361+0800: 2.582: [GC (Allocation Failure) [PSYoungGen: 9010K->896K(12800K)] 25691K->18072K(47104K), 0.0014309 secs] [Times: user=0.00 sys=0.00, real=0.00 secs] 
2020-02-27T09:31:03.212+0800: 12.434: [GC (Allocation Failure) [PSYoungGen: 9600K->896K(12800K)] 26776K->18496K(47104K), 0.0015693 secs] [Times: user=0.00 sys=0.00, real=0.00 secs] 
2020-02-27T15:44:44.310+0800: 22433.532: [GC (Allocation Failure) [PSYoungGen: 9600K->352K(12800K)] 27200K->18540K(47104K), 0.0034532 secs] [Times: user=0.00 sys=0.00, real=0.00 secs] 
2020-02-27T23:18:01.589+0800: 49630.911: [GC (Allocation Failure) [PSYoungGen: 9056K->64K(12800K)] 27244K->18316K(47104K), 0.0014607 secs] [Times: user=0.00 sys=0.00, real=0.00 secs] 
2020-02-28T17:13:38.628+0800: 114166.739: [GC (Allocation Failure) [PSYoungGen: 8768K->64K(13312K)] 27020K->18332K(47616K), 0.0056272 secs] [Times: user=0.00 sys=0.00, real=0.01 secs] 
2020-02-28T23:53:44.706+0800: 138172.816: [GC (Allocation Failure) [PSYoungGen: 9280K->32K(12800K)] 27548K->18316K(47104K), 0.0013762 secs] [Times: user=0.00 sys=0.00, real=0.00 secs] 
2020-02-29T11:27:30.737+0800: 179798.954: [GC (Allocation Failure) [PSYoungGen: 9248K->32K(12800K)] 27532K->18316K(47104K), 0.0013294 secs] [Times: user=0.00 sys=0.00, real=0.00 secs] 
